Command line invocation:
    /Applications/Xcode.app/Contents/Developer/usr/bin/xcodebuild -target CoreWidgets -configuration Debug build

ComputePackagePrebuildTargetDependencyGraph

Prepare packages

CreateBuildRequest

SendProjectDescription

CreateBuildOperation

ComputeTargetDependencyGraph
note: Building targets in dependency order
note: Target dependency graph (1 target)
    Target 'CoreWidgets' in project 'selfManager' (no dependencies)

GatherProvisioningInputs

CreateBuildDescription

ExecuteExternalTool /Applications/Xcode.app/Contents/Developer/Toolchains/XcodeDefault.xctoolchain/usr/bin/clang -v -E -dM -isysroot /Applications/Xcode.app/Contents/Developer/Platforms/iPhoneOS.platform/Developer/SDKs/iPhoneOS18.5.sdk -x c -c /dev/null

ExecuteExternalTool /Applications/Xcode.app/Contents/Developer/Toolchains/XcodeDefault.xctoolchain/usr/bin/swiftc --version

ExecuteExternalTool /Applications/Xcode.app/Contents/Developer/Toolchains/XcodeDefault.xctoolchain/usr/bin/ld -version_details

Build description signature: 843a2bd1ae1140592a78b8901deb517d
Build description path: /Users/yack/Desktop/selfManager/build/XCBuildData/843a2bd1ae1140592a78b8901deb517d.xcbuilddata
CreateBuildDirectory /Users/yack/Desktop/selfManager/build/Debug-iphoneos
    cd /Users/yack/Desktop/selfManager/selfManager.xcodeproj
    builtin-create-build-directory /Users/yack/Desktop/selfManager/build/Debug-iphoneos

CreateBuildDirectory /Users/yack/Desktop/selfManager/build/EagerLinkingTBDs/Debug-iphoneos
    cd /Users/yack/Desktop/selfManager/selfManager.xcodeproj
    builtin-create-build-directory /Users/yack/Desktop/selfManager/build/EagerLinkingTBDs/Debug-iphoneos

ClangStatCache /Applications/Xcode.app/Contents/Developer/Toolchains/XcodeDefault.xctoolchain/usr/bin/clang-stat-cache /Applications/Xcode.app/Contents/Developer/Platforms/iPhoneOS.platform/Developer/SDKs/iPhoneOS18.5.sdk /var/folders/b_/9mlhvhws7rqg88sv7d38wtrr0000gn/C/com.apple.DeveloperTools/16.4-16F6/Xcode/SDKStatCaches.noindex/iphoneos18.5-22F76-7fa4eea80a99bbfdc046826b63ec4baf.sdkstatcache
    cd /Users/yack/Desktop/selfManager/selfManager.xcodeproj
    /Applications/Xcode.app/Contents/Developer/Toolchains/XcodeDefault.xctoolchain/usr/bin/clang-stat-cache /Applications/Xcode.app/Contents/Developer/Platforms/iPhoneOS.platform/Developer/SDKs/iPhoneOS18.5.sdk -o /var/folders/b_/9mlhvhws7rqg88sv7d38wtrr0000gn/C/com.apple.DeveloperTools/16.4-16F6/Xcode/SDKStatCaches.noindex/iphoneos18.5-22F76-7fa4eea80a99bbfdc046826b63ec4baf.sdkstatcache

WriteAuxiliaryFile /Users/yack/Desktop/selfManager/build/selfManager.build/Debug-iphoneos/selfManager-522fd78e0991cdbed593aa38bc50b63b-VFS-iphoneos/all-product-headers.yaml
    cd /Users/yack/Desktop/selfManager/selfManager.xcodeproj
    write-file /Users/yack/Desktop/selfManager/build/selfManager.build/Debug-iphoneos/selfManager-522fd78e0991cdbed593aa38bc50b63b-VFS-iphoneos/all-product-headers.yaml

WriteAuxiliaryFile /Users/yack/Desktop/selfManager/build/selfManager.build/Debug-iphoneos/CoreWidgets.build/CoreWidgets.hmap (in target 'CoreWidgets' from project 'selfManager')
    cd /Users/yack/Desktop/selfManager
    write-file /Users/yack/Desktop/selfManager/build/selfManager.build/Debug-iphoneos/CoreWidgets.build/CoreWidgets.hmap

WriteAuxiliaryFile /Users/yack/Desktop/selfManager/build/selfManager.build/Debug-iphoneos/CoreWidgets.build/CoreWidgets-project-headers.hmap (in target 'CoreWidgets' from project 'selfManager')
    cd /Users/yack/Desktop/selfManager
    write-file /Users/yack/Desktop/selfManager/build/selfManager.build/Debug-iphoneos/CoreWidgets.build/CoreWidgets-project-headers.hmap

WriteAuxiliaryFile /Users/yack/Desktop/selfManager/build/selfManager.build/Debug-iphoneos/CoreWidgets.build/CoreWidgets-own-target-headers.hmap (in target 'CoreWidgets' from project 'selfManager')
    cd /Users/yack/Desktop/selfManager
    write-file /Users/yack/Desktop/selfManager/build/selfManager.build/Debug-iphoneos/CoreWidgets.build/CoreWidgets-own-target-headers.hmap

WriteAuxiliaryFile /Users/yack/Desktop/selfManager/build/selfManager.build/Debug-iphoneos/CoreWidgets.build/CoreWidgets-all-target-headers.hmap (in target 'CoreWidgets' from project 'selfManager')
    cd /Users/yack/Desktop/selfManager
    write-file /Users/yack/Desktop/selfManager/build/selfManager.build/Debug-iphoneos/CoreWidgets.build/CoreWidgets-all-target-headers.hmap

WriteAuxiliaryFile /Users/yack/Desktop/selfManager/build/selfManager.build/Debug-iphoneos/CoreWidgets.build/DerivedSources/Entitlements.plist (in target 'CoreWidgets' from project 'selfManager')
    cd /Users/yack/Desktop/selfManager
    write-file /Users/yack/Desktop/selfManager/build/selfManager.build/Debug-iphoneos/CoreWidgets.build/DerivedSources/Entitlements.plist

WriteAuxiliaryFile /Users/yack/Desktop/selfManager/build/selfManager.build/Debug-iphoneos/CoreWidgets.build/CoreWidgets-generated-files.hmap (in target 'CoreWidgets' from project 'selfManager')
    cd /Users/yack/Desktop/selfManager
    write-file /Users/yack/Desktop/selfManager/build/selfManager.build/Debug-iphoneos/CoreWidgets.build/CoreWidgets-generated-files.hmap

WriteAuxiliaryFile /Users/yack/Desktop/selfManager/build/selfManager.build/Debug-iphoneos/CoreWidgets.build/Objects-normal/arm64/CoreWidgets.LinkFileList (in target 'CoreWidgets' from project 'selfManager')
    cd /Users/yack/Desktop/selfManager
    write-file /Users/yack/Desktop/selfManager/build/selfManager.build/Debug-iphoneos/CoreWidgets.build/Objects-normal/arm64/CoreWidgets.LinkFileList

WriteAuxiliaryFile /Users/yack/Desktop/selfManager/build/selfManager.build/Debug-iphoneos/CoreWidgets.build/Objects-normal/arm64/CoreWidgets_const_extract_protocols.json (in target 'CoreWidgets' from project 'selfManager')
    cd /Users/yack/Desktop/selfManager
    write-file /Users/yack/Desktop/selfManager/build/selfManager.build/Debug-iphoneos/CoreWidgets.build/Objects-normal/arm64/CoreWidgets_const_extract_protocols.json

WriteAuxiliaryFile /Users/yack/Desktop/selfManager/build/selfManager.build/Debug-iphoneos/CoreWidgets.build/Objects-normal/arm64/CoreWidgets.SwiftFileList (in target 'CoreWidgets' from project 'selfManager')
    cd /Users/yack/Desktop/selfManager
    write-file /Users/yack/Desktop/selfManager/build/selfManager.build/Debug-iphoneos/CoreWidgets.build/Objects-normal/arm64/CoreWidgets.SwiftFileList

WriteAuxiliaryFile /Users/yack/Desktop/selfManager/build/selfManager.build/Debug-iphoneos/CoreWidgets.build/Objects-normal/arm64/CoreWidgets.SwiftConstValuesFileList (in target 'CoreWidgets' from project 'selfManager')
    cd /Users/yack/Desktop/selfManager
    write-file /Users/yack/Desktop/selfManager/build/selfManager.build/Debug-iphoneos/CoreWidgets.build/Objects-normal/arm64/CoreWidgets.SwiftConstValuesFileList

WriteAuxiliaryFile /Users/yack/Desktop/selfManager/build/selfManager.build/Debug-iphoneos/CoreWidgets.build/Objects-normal/arm64/CoreWidgets-OutputFileMap.json (in target 'CoreWidgets' from project 'selfManager')
    cd /Users/yack/Desktop/selfManager
    write-file /Users/yack/Desktop/selfManager/build/selfManager.build/Debug-iphoneos/CoreWidgets.build/Objects-normal/arm64/CoreWidgets-OutputFileMap.json

WriteAuxiliaryFile /Users/yack/Desktop/selfManager/build/selfManager.build/Debug-iphoneos/CoreWidgets.build/CoreWidgets.DependencyStaticMetadataFileList (in target 'CoreWidgets' from project 'selfManager')
    cd /Users/yack/Desktop/selfManager
    write-file /Users/yack/Desktop/selfManager/build/selfManager.build/Debug-iphoneos/CoreWidgets.build/CoreWidgets.DependencyStaticMetadataFileList

WriteAuxiliaryFile /Users/yack/Desktop/selfManager/build/selfManager.build/Debug-iphoneos/CoreWidgets.build/CoreWidgets.DependencyMetadataFileList (in target 'CoreWidgets' from project 'selfManager')
    cd /Users/yack/Desktop/selfManager
    write-file /Users/yack/Desktop/selfManager/build/selfManager.build/Debug-iphoneos/CoreWidgets.build/CoreWidgets.DependencyMetadataFileList

WriteAuxiliaryFile /Users/yack/Desktop/selfManager/build/selfManager.build/Debug-iphoneos/CoreWidgets.build/CoreWidgets-all-non-framework-target-headers.hmap (in target 'CoreWidgets' from project 'selfManager')
    cd /Users/yack/Desktop/selfManager
    write-file /Users/yack/Desktop/selfManager/build/selfManager.build/Debug-iphoneos/CoreWidgets.build/CoreWidgets-all-non-framework-target-headers.hmap

MkDir /Users/yack/Desktop/selfManager/build/Debug-iphoneos/CoreWidgets.appex (in target 'CoreWidgets' from project 'selfManager')
    cd /Users/yack/Desktop/selfManager
    /bin/mkdir -p /Users/yack/Desktop/selfManager/build/Debug-iphoneos/CoreWidgets.appex

ProcessProductPackaging /Users/yack/Library/Developer/Xcode/UserData/Provisioning\ Profiles/73aa627e-58cc-4d76-8d1c-22c866b779e2.mobileprovision /Users/yack/Desktop/selfManager/build/Debug-iphoneos/CoreWidgets.appex/embedded.mobileprovision (in target 'CoreWidgets' from project 'selfManager')
    cd /Users/yack/Desktop/selfManager
    builtin-productPackagingUtility /Users/yack/Library/Developer/Xcode/UserData/Provisioning\ Profiles/73aa627e-58cc-4d76-8d1c-22c866b779e2.mobileprovision -o /Users/yack/Desktop/selfManager/build/Debug-iphoneos/CoreWidgets.appex/embedded.mobileprovision

ProcessProductPackaging /Users/yack/Desktop/selfManager/selfManager/Widgets/CoreWidgets.entitlements /Users/yack/Desktop/selfManager/build/selfManager.build/Debug-iphoneos/CoreWidgets.build/CoreWidgets.appex.xcent (in target 'CoreWidgets' from project 'selfManager')
    cd /Users/yack/Desktop/selfManager
    
    Entitlements:
    
    {
    "application-identifier" = "QKN584YXMF.zack.selfManager.CoreWidgets";
    "com.apple.developer.team-identifier" = QKN584YXMF;
    "com.apple.security.application-groups" =     (
        "group.selfmanager.widget"
    );
    "get-task-allow" = 1;
}
    
    builtin-productPackagingUtility /Users/yack/Desktop/selfManager/selfManager/Widgets/CoreWidgets.entitlements -entitlements -format xml -o /Users/yack/Desktop/selfManager/build/selfManager.build/Debug-iphoneos/CoreWidgets.build/CoreWidgets.appex.xcent

ProcessProductPackagingDER /Users/yack/Desktop/selfManager/build/selfManager.build/Debug-iphoneos/CoreWidgets.build/CoreWidgets.appex.xcent /Users/yack/Desktop/selfManager/build/selfManager.build/Debug-iphoneos/CoreWidgets.build/CoreWidgets.appex.xcent.der (in target 'CoreWidgets' from project 'selfManager')
    cd /Users/yack/Desktop/selfManager
    /usr/bin/derq query -f xml -i /Users/yack/Desktop/selfManager/build/selfManager.build/Debug-iphoneos/CoreWidgets.build/CoreWidgets.appex.xcent -o /Users/yack/Desktop/selfManager/build/selfManager.build/Debug-iphoneos/CoreWidgets.build/CoreWidgets.appex.xcent.der --raw

ProcessInfoPlistFile /Users/yack/Desktop/selfManager/build/Debug-iphoneos/CoreWidgets.appex/Info.plist /Users/yack/Desktop/selfManager/selfManager/Widgets/Info.plist (in target 'CoreWidgets' from project 'selfManager')
    cd /Users/yack/Desktop/selfManager
    builtin-infoPlistUtility /Users/yack/Desktop/selfManager/selfManager/Widgets/Info.plist -producttype com.apple.product-type.app-extension -expandbuildsettings -format binary -platform iphoneos -requiredArchitecture arm64 -o /Users/yack/Desktop/selfManager/build/Debug-iphoneos/CoreWidgets.appex/Info.plist

SwiftDriver CoreWidgets normal arm64 com.apple.xcode.tools.swift.compiler (in target 'CoreWidgets' from project 'selfManager')
    cd /Users/yack/Desktop/selfManager
    builtin-SwiftDriver -- /Applications/Xcode.app/Contents/Developer/Toolchains/XcodeDefault.xctoolchain/usr/bin/swiftc -module-name CoreWidgets -Onone -enforce-exclusivity\=checked @/Users/yack/Desktop/selfManager/build/selfManager.build/Debug-iphoneos/CoreWidgets.build/Objects-normal/arm64/CoreWidgets.SwiftFileList -DDEBUG -enable-bare-slash-regex -enable-experimental-feature DebugDescriptionMacro -sdk /Applications/Xcode.app/Contents/Developer/Platforms/iPhoneOS.platform/Developer/SDKs/iPhoneOS18.5.sdk -target arm64-apple-ios17.0 -g -Xfrontend -serialize-debugging-options -application-extension -enable-testing -swift-version 5 -I /Users/yack/Desktop/selfManager/build/Debug-iphoneos -F /Users/yack/Desktop/selfManager/build/Debug-iphoneos -c -j12 -enable-batch-mode -incremental -Xcc -ivfsstatcache -Xcc /var/folders/b_/9mlhvhws7rqg88sv7d38wtrr0000gn/C/com.apple.DeveloperTools/16.4-16F6/Xcode/SDKStatCaches.noindex/iphoneos18.5-22F76-7fa4eea80a99bbfdc046826b63ec4baf.sdkstatcache -output-file-map /Users/yack/Desktop/selfManager/build/selfManager.build/Debug-iphoneos/CoreWidgets.build/Objects-normal/arm64/CoreWidgets-OutputFileMap.json -use-frontend-parseable-output -save-temps -no-color-diagnostics -serialize-diagnostics -emit-dependencies -emit-module -emit-module-path /Users/yack/Desktop/selfManager/build/selfManager.build/Debug-iphoneos/CoreWidgets.build/Objects-normal/arm64/CoreWidgets.swiftmodule -validate-clang-modules-once -clang-build-session-file /var/folders/b_/9mlhvhws7rqg88sv7d38wtrr0000gn/C/org.llvm.clang/ModuleCache.noindex/Session.modulevalidation -Xcc -I/Users/yack/Desktop/selfManager/build/selfManager.build/Debug-iphoneos/CoreWidgets.build/swift-overrides.hmap -emit-const-values -Xfrontend -const-gather-protocols-file -Xfrontend /Users/yack/Desktop/selfManager/build/selfManager.build/Debug-iphoneos/CoreWidgets.build/Objects-normal/arm64/CoreWidgets_const_extract_protocols.json -Xcc -iquote -Xcc /Users/yack/Desktop/selfManager/build/selfManager.build/Debug-iphoneos/CoreWidgets.build/CoreWidgets-generated-files.hmap -Xcc -I/Users/yack/Desktop/selfManager/build/selfManager.build/Debug-iphoneos/CoreWidgets.build/CoreWidgets-own-target-headers.hmap -Xcc -I/Users/yack/Desktop/selfManager/build/selfManager.build/Debug-iphoneos/CoreWidgets.build/CoreWidgets-all-target-headers.hmap -Xcc -iquote -Xcc /Users/yack/Desktop/selfManager/build/selfManager.build/Debug-iphoneos/CoreWidgets.build/CoreWidgets-project-headers.hmap -Xcc -I/Users/yack/Desktop/selfManager/build/Debug-iphoneos/include -Xcc -I/Users/yack/Desktop/selfManager/build/selfManager.build/Debug-iphoneos/CoreWidgets.build/DerivedSources-normal/arm64 -Xcc -I/Users/yack/Desktop/selfManager/build/selfManager.build/Debug-iphoneos/CoreWidgets.build/DerivedSources/arm64 -Xcc -I/Users/yack/Desktop/selfManager/build/selfManager.build/Debug-iphoneos/CoreWidgets.build/DerivedSources -Xcc -DDEBUG\=1 -emit-objc-header -emit-objc-header-path /Users/yack/Desktop/selfManager/build/selfManager.build/Debug-iphoneos/CoreWidgets.build/Objects-normal/arm64/CoreWidgets-Swift.h -working-directory /Users/yack/Desktop/selfManager -experimental-emit-module-separately -disable-cmo

SwiftCompile normal arm64 Compiling\ WidgetLocalization.swift /Users/yack/Desktop/selfManager/selfManager/Widgets/WidgetLocalization.swift (in target 'CoreWidgets' from project 'selfManager')

SwiftCompile normal arm64 /Users/yack/Desktop/selfManager/selfManager/Widgets/WidgetLocalization.swift (in target 'CoreWidgets' from project 'selfManager')
    cd /Users/yack/Desktop/selfManager
    
/Users/yack/Desktop/selfManager/selfManager/Widgets/WidgetLocalization.swift:5:35: warning: 'languageCode' was deprecated in iOS 16: renamed to 'language.languageCode.identifier'
        let code = Locale.current.languageCode?.lowercased() ?? "en"
                                  ^
/Users/yack/Desktop/selfManager/selfManager/Widgets/WidgetLocalization.swift:5:35: note: use 'language.languageCode.identifier' instead
        let code = Locale.current.languageCode?.lowercased() ?? "en"
                                  ^~~~~~~~~~~~
                                  language.languageCode.identifier

SwiftEmitModule normal arm64 Emitting\ module\ for\ CoreWidgets (in target 'CoreWidgets' from project 'selfManager')

EmitSwiftModule normal arm64 (in target 'CoreWidgets' from project 'selfManager')
    cd /Users/yack/Desktop/selfManager
    

SwiftCompile normal arm64 Compiling\ CoreWidgets.swift /Users/yack/Desktop/selfManager/selfManager/Widgets/CoreWidgets.swift (in target 'CoreWidgets' from project 'selfManager')
SwiftCompile normal arm64 /Users/yack/Desktop/selfManager/selfManager/Widgets/CoreWidgets.swift (in target 'CoreWidgets' from project 'selfManager')
    cd /Users/yack/Desktop/selfManager
    

SwiftDriverJobDiscovery normal arm64 Emitting module for CoreWidgets (in target 'CoreWidgets' from project 'selfManager')

SwiftDriver\ Compilation\ Requirements CoreWidgets normal arm64 com.apple.xcode.tools.swift.compiler (in target 'CoreWidgets' from project 'selfManager')
    cd /Users/yack/Desktop/selfManager
    builtin-Swift-Compilation-Requirements -- /Applications/Xcode.app/Contents/Developer/Toolchains/XcodeDefault.xctoolchain/usr/bin/swiftc -module-name CoreWidgets -Onone -enforce-exclusivity\=checked @/Users/yack/Desktop/selfManager/build/selfManager.build/Debug-iphoneos/CoreWidgets.build/Objects-normal/arm64/CoreWidgets.SwiftFileList -DDEBUG -enable-bare-slash-regex -enable-experimental-feature DebugDescriptionMacro -sdk /Applications/Xcode.app/Contents/Developer/Platforms/iPhoneOS.platform/Developer/SDKs/iPhoneOS18.5.sdk -target arm64-apple-ios17.0 -g -Xfrontend -serialize-debugging-options -application-extension -enable-testing -swift-version 5 -I /Users/yack/Desktop/selfManager/build/Debug-iphoneos -F /Users/yack/Desktop/selfManager/build/Debug-iphoneos -c -j12 -enable-batch-mode -incremental -Xcc -ivfsstatcache -Xcc /var/folders/b_/9mlhvhws7rqg88sv7d38wtrr0000gn/C/com.apple.DeveloperTools/16.4-16F6/Xcode/SDKStatCaches.noindex/iphoneos18.5-22F76-7fa4eea80a99bbfdc046826b63ec4baf.sdkstatcache -output-file-map /Users/yack/Desktop/selfManager/build/selfManager.build/Debug-iphoneos/CoreWidgets.build/Objects-normal/arm64/CoreWidgets-OutputFileMap.json -use-frontend-parseable-output -save-temps -no-color-diagnostics -serialize-diagnostics -emit-dependencies -emit-module -emit-module-path /Users/yack/Desktop/selfManager/build/selfManager.build/Debug-iphoneos/CoreWidgets.build/Objects-normal/arm64/CoreWidgets.swiftmodule -validate-clang-modules-once -clang-build-session-file /var/folders/b_/9mlhvhws7rqg88sv7d38wtrr0000gn/C/org.llvm.clang/ModuleCache.noindex/Session.modulevalidation -Xcc -I/Users/yack/Desktop/selfManager/build/selfManager.build/Debug-iphoneos/CoreWidgets.build/swift-overrides.hmap -emit-const-values -Xfrontend -const-gather-protocols-file -Xfrontend /Users/yack/Desktop/selfManager/build/selfManager.build/Debug-iphoneos/CoreWidgets.build/Objects-normal/arm64/CoreWidgets_const_extract_protocols.json -Xcc -iquote -Xcc /Users/yack/Desktop/selfManager/build/selfManager.build/Debug-iphoneos/CoreWidgets.build/CoreWidgets-generated-files.hmap -Xcc -I/Users/yack/Desktop/selfManager/build/selfManager.build/Debug-iphoneos/CoreWidgets.build/CoreWidgets-own-target-headers.hmap -Xcc -I/Users/yack/Desktop/selfManager/build/selfManager.build/Debug-iphoneos/CoreWidgets.build/CoreWidgets-all-target-headers.hmap -Xcc -iquote -Xcc /Users/yack/Desktop/selfManager/build/selfManager.build/Debug-iphoneos/CoreWidgets.build/CoreWidgets-project-headers.hmap -Xcc -I/Users/yack/Desktop/selfManager/build/Debug-iphoneos/include -Xcc -I/Users/yack/Desktop/selfManager/build/selfManager.build/Debug-iphoneos/CoreWidgets.build/DerivedSources-normal/arm64 -Xcc -I/Users/yack/Desktop/selfManager/build/selfManager.build/Debug-iphoneos/CoreWidgets.build/DerivedSources/arm64 -Xcc -I/Users/yack/Desktop/selfManager/build/selfManager.build/Debug-iphoneos/CoreWidgets.build/DerivedSources -Xcc -DDEBUG\=1 -emit-objc-header -emit-objc-header-path /Users/yack/Desktop/selfManager/build/selfManager.build/Debug-iphoneos/CoreWidgets.build/Objects-normal/arm64/CoreWidgets-Swift.h -working-directory /Users/yack/Desktop/selfManager -experimental-emit-module-separately -disable-cmo

SwiftMergeGeneratedHeaders /Users/yack/Desktop/selfManager/build/selfManager.build/Debug-iphoneos/CoreWidgets.build/DerivedSources/CoreWidgets-Swift.h /Users/yack/Desktop/selfManager/build/selfManager.build/Debug-iphoneos/CoreWidgets.build/Objects-normal/arm64/CoreWidgets-Swift.h (in target 'CoreWidgets' from project 'selfManager')
    cd /Users/yack/Desktop/selfManager
    builtin-swiftHeaderTool -arch arm64 /Users/yack/Desktop/selfManager/build/selfManager.build/Debug-iphoneos/CoreWidgets.build/Objects-normal/arm64/CoreWidgets-Swift.h -o /Users/yack/Desktop/selfManager/build/selfManager.build/Debug-iphoneos/CoreWidgets.build/DerivedSources/CoreWidgets-Swift.h

Copy /Users/yack/Desktop/selfManager/build/Debug-iphoneos/CoreWidgets.swiftmodule/arm64-apple-ios.abi.json /Users/yack/Desktop/selfManager/build/selfManager.build/Debug-iphoneos/CoreWidgets.build/Objects-normal/arm64/CoreWidgets.abi.json (in target 'CoreWidgets' from project 'selfManager')
    cd /Users/yack/Desktop/selfManager
    builtin-copy -exclude .DS_Store -exclude CVS -exclude .svn -exclude .git -exclude .hg -resolve-src-symlinks -rename /Users/yack/Desktop/selfManager/build/selfManager.build/Debug-iphoneos/CoreWidgets.build/Objects-normal/arm64/CoreWidgets.abi.json /Users/yack/Desktop/selfManager/build/Debug-iphoneos/CoreWidgets.swiftmodule/arm64-apple-ios.abi.json

Copy /Users/yack/Desktop/selfManager/build/Debug-iphoneos/CoreWidgets.swiftmodule/arm64-apple-ios.swiftdoc /Users/yack/Desktop/selfManager/build/selfManager.build/Debug-iphoneos/CoreWidgets.build/Objects-normal/arm64/CoreWidgets.swiftdoc (in target 'CoreWidgets' from project 'selfManager')
    cd /Users/yack/Desktop/selfManager
    builtin-copy -exclude .DS_Store -exclude CVS -exclude .svn -exclude .git -exclude .hg -resolve-src-symlinks -rename /Users/yack/Desktop/selfManager/build/selfManager.build/Debug-iphoneos/CoreWidgets.build/Objects-normal/arm64/CoreWidgets.swiftdoc /Users/yack/Desktop/selfManager/build/Debug-iphoneos/CoreWidgets.swiftmodule/arm64-apple-ios.swiftdoc

Copy /Users/yack/Desktop/selfManager/build/Debug-iphoneos/CoreWidgets.swiftmodule/arm64-apple-ios.swiftmodule /Users/yack/Desktop/selfManager/build/selfManager.build/Debug-iphoneos/CoreWidgets.build/Objects-normal/arm64/CoreWidgets.swiftmodule (in target 'CoreWidgets' from project 'selfManager')
    cd /Users/yack/Desktop/selfManager
    builtin-copy -exclude .DS_Store -exclude CVS -exclude .svn -exclude .git -exclude .hg -resolve-src-symlinks -rename /Users/yack/Desktop/selfManager/build/selfManager.build/Debug-iphoneos/CoreWidgets.build/Objects-normal/arm64/CoreWidgets.swiftmodule /Users/yack/Desktop/selfManager/build/Debug-iphoneos/CoreWidgets.swiftmodule/arm64-apple-ios.swiftmodule

Copy /Users/yack/Desktop/selfManager/build/Debug-iphoneos/CoreWidgets.swiftmodule/Project/arm64-apple-ios.swiftsourceinfo /Users/yack/Desktop/selfManager/build/selfManager.build/Debug-iphoneos/CoreWidgets.build/Objects-normal/arm64/CoreWidgets.swiftsourceinfo (in target 'CoreWidgets' from project 'selfManager')
    cd /Users/yack/Desktop/selfManager
    builtin-copy -exclude .DS_Store -exclude CVS -exclude .svn -exclude .git -exclude .hg -resolve-src-symlinks -rename /Users/yack/Desktop/selfManager/build/selfManager.build/Debug-iphoneos/CoreWidgets.build/Objects-normal/arm64/CoreWidgets.swiftsourceinfo /Users/yack/Desktop/selfManager/build/Debug-iphoneos/CoreWidgets.swiftmodule/Project/arm64-apple-ios.swiftsourceinfo

SwiftDriverJobDiscovery normal arm64 Compiling WidgetLocalization.swift (in target 'CoreWidgets' from project 'selfManager')

SwiftDriverJobDiscovery normal arm64 Compiling CoreWidgets.swift (in target 'CoreWidgets' from project 'selfManager')

SwiftDriver\ Compilation CoreWidgets normal arm64 com.apple.xcode.tools.swift.compiler (in target 'CoreWidgets' from project 'selfManager')
    cd /Users/yack/Desktop/selfManager
    builtin-Swift-Compilation -- /Applications/Xcode.app/Contents/Developer/Toolchains/XcodeDefault.xctoolchain/usr/bin/swiftc -module-name CoreWidgets -Onone -enforce-exclusivity\=checked @/Users/yack/Desktop/selfManager/build/selfManager.build/Debug-iphoneos/CoreWidgets.build/Objects-normal/arm64/CoreWidgets.SwiftFileList -DDEBUG -enable-bare-slash-regex -enable-experimental-feature DebugDescriptionMacro -sdk /Applications/Xcode.app/Contents/Developer/Platforms/iPhoneOS.platform/Developer/SDKs/iPhoneOS18.5.sdk -target arm64-apple-ios17.0 -g -Xfrontend -serialize-debugging-options -application-extension -enable-testing -swift-version 5 -I /Users/yack/Desktop/selfManager/build/Debug-iphoneos -F /Users/yack/Desktop/selfManager/build/Debug-iphoneos -c -j12 -enable-batch-mode -incremental -Xcc -ivfsstatcache -Xcc /var/folders/b_/9mlhvhws7rqg88sv7d38wtrr0000gn/C/com.apple.DeveloperTools/16.4-16F6/Xcode/SDKStatCaches.noindex/iphoneos18.5-22F76-7fa4eea80a99bbfdc046826b63ec4baf.sdkstatcache -output-file-map /Users/yack/Desktop/selfManager/build/selfManager.build/Debug-iphoneos/CoreWidgets.build/Objects-normal/arm64/CoreWidgets-OutputFileMap.json -use-frontend-parseable-output -save-temps -no-color-diagnostics -serialize-diagnostics -emit-dependencies -emit-module -emit-module-path /Users/yack/Desktop/selfManager/build/selfManager.build/Debug-iphoneos/CoreWidgets.build/Objects-normal/arm64/CoreWidgets.swiftmodule -validate-clang-modules-once -clang-build-session-file /var/folders/b_/9mlhvhws7rqg88sv7d38wtrr0000gn/C/org.llvm.clang/ModuleCache.noindex/Session.modulevalidation -Xcc -I/Users/yack/Desktop/selfManager/build/selfManager.build/Debug-iphoneos/CoreWidgets.build/swift-overrides.hmap -emit-const-values -Xfrontend -const-gather-protocols-file -Xfrontend /Users/yack/Desktop/selfManager/build/selfManager.build/Debug-iphoneos/CoreWidgets.build/Objects-normal/arm64/CoreWidgets_const_extract_protocols.json -Xcc -iquote -Xcc /Users/yack/Desktop/selfManager/build/selfManager.build/Debug-iphoneos/CoreWidgets.build/CoreWidgets-generated-files.hmap -Xcc -I/Users/yack/Desktop/selfManager/build/selfManager.build/Debug-iphoneos/CoreWidgets.build/CoreWidgets-own-target-headers.hmap -Xcc -I/Users/yack/Desktop/selfManager/build/selfManager.build/Debug-iphoneos/CoreWidgets.build/CoreWidgets-all-target-headers.hmap -Xcc -iquote -Xcc /Users/yack/Desktop/selfManager/build/selfManager.build/Debug-iphoneos/CoreWidgets.build/CoreWidgets-project-headers.hmap -Xcc -I/Users/yack/Desktop/selfManager/build/Debug-iphoneos/include -Xcc -I/Users/yack/Desktop/selfManager/build/selfManager.build/Debug-iphoneos/CoreWidgets.build/DerivedSources-normal/arm64 -Xcc -I/Users/yack/Desktop/selfManager/build/selfManager.build/Debug-iphoneos/CoreWidgets.build/DerivedSources/arm64 -Xcc -I/Users/yack/Desktop/selfManager/build/selfManager.build/Debug-iphoneos/CoreWidgets.build/DerivedSources -Xcc -DDEBUG\=1 -emit-objc-header -emit-objc-header-path /Users/yack/Desktop/selfManager/build/selfManager.build/Debug-iphoneos/CoreWidgets.build/Objects-normal/arm64/CoreWidgets-Swift.h -working-directory /Users/yack/Desktop/selfManager -experimental-emit-module-separately -disable-cmo

Ld /Users/yack/Desktop/selfManager/build/Debug-iphoneos/CoreWidgets.appex/CoreWidgets normal (in target 'CoreWidgets' from project 'selfManager')
    cd /Users/yack/Desktop/selfManager
    /Applications/Xcode.app/Contents/Developer/Toolchains/XcodeDefault.xctoolchain/usr/bin/clang -Xlinker -reproducible -target arm64-apple-ios17.0 -isysroot /Applications/Xcode.app/Contents/Developer/Platforms/iPhoneOS.platform/Developer/SDKs/iPhoneOS18.5.sdk -O0 -L/Users/yack/Desktop/selfManager/build/EagerLinkingTBDs/Debug-iphoneos -L/Users/yack/Desktop/selfManager/build/Debug-iphoneos -F/Users/yack/Desktop/selfManager/build/EagerLinkingTBDs/Debug-iphoneos -F/Users/yack/Desktop/selfManager/build/Debug-iphoneos -filelist /Users/yack/Desktop/selfManager/build/selfManager.build/Debug-iphoneos/CoreWidgets.build/Objects-normal/arm64/CoreWidgets.LinkFileList -Xlinker -rpath -Xlinker @executable_path/Frameworks -Xlinker -rpath -Xlinker @executable_path/../../Frameworks -dead_strip -Xlinker -object_path_lto -Xlinker /Users/yack/Desktop/selfManager/build/selfManager.build/Debug-iphoneos/CoreWidgets.build/Objects-normal/arm64/CoreWidgets_lto.o -rdynamic -Xlinker -no_deduplicate -Xlinker -dependency_info -Xlinker /Users/yack/Desktop/selfManager/build/selfManager.build/Debug-iphoneos/CoreWidgets.build/Objects-normal/arm64/CoreWidgets_dependency_info.dat -e _NSExtensionMain -fapplication-extension -fobjc-link-runtime -L/Applications/Xcode.app/Contents/Developer/Toolchains/XcodeDefault.xctoolchain/usr/lib/swift/iphoneos -L/usr/lib/swift -Xlinker -add_ast_path -Xlinker /Users/yack/Desktop/selfManager/build/selfManager.build/Debug-iphoneos/CoreWidgets.build/Objects-normal/arm64/CoreWidgets.swiftmodule -Xlinker -no_adhoc_codesign -o /Users/yack/Desktop/selfManager/build/Debug-iphoneos/CoreWidgets.appex/CoreWidgets

ExtractAppIntentsMetadata (in target 'CoreWidgets' from project 'selfManager')
    cd /Users/yack/Desktop/selfManager
    /Applications/Xcode.app/Contents/Developer/Toolchains/XcodeDefault.xctoolchain/usr/bin/appintentsmetadataprocessor --toolchain-dir /Applications/Xcode.app/Contents/Developer/Toolchains/XcodeDefault.xctoolchain --module-name CoreWidgets --sdk-root /Applications/Xcode.app/Contents/Developer/Platforms/iPhoneOS.platform/Developer/SDKs/iPhoneOS18.5.sdk --xcode-version 16F6 --platform-family iOS --deployment-target 17.0 --bundle-identifier zack.selfManager.CoreWidgets --output /Users/yack/Desktop/selfManager/build/Debug-iphoneos/CoreWidgets.appex --target-triple arm64-apple-ios17.0 --binary-file /Users/yack/Desktop/selfManager/build/Debug-iphoneos/CoreWidgets.appex/CoreWidgets --dependency-file /Users/yack/Desktop/selfManager/build/selfManager.build/Debug-iphoneos/CoreWidgets.build/Objects-normal/arm64/CoreWidgets_dependency_info.dat --stringsdata-file /Users/yack/Desktop/selfManager/build/selfManager.build/Debug-iphoneos/CoreWidgets.build/Objects-normal/arm64/ExtractedAppShortcutsMetadata.stringsdata --source-file-list /Users/yack/Desktop/selfManager/build/selfManager.build/Debug-iphoneos/CoreWidgets.build/Objects-normal/arm64/CoreWidgets.SwiftFileList --metadata-file-list /Users/yack/Desktop/selfManager/build/selfManager.build/Debug-iphoneos/CoreWidgets.build/CoreWidgets.DependencyMetadataFileList --static-metadata-file-list /Users/yack/Desktop/selfManager/build/selfManager.build/Debug-iphoneos/CoreWidgets.build/CoreWidgets.DependencyStaticMetadataFileList --swift-const-vals-list /Users/yack/Desktop/selfManager/build/selfManager.build/Debug-iphoneos/CoreWidgets.build/Objects-normal/arm64/CoreWidgets.SwiftConstValuesFileList --compile-time-extraction --deployment-aware-processing --validate-assistant-intents --no-app-shortcuts-localization
2025-11-25 11:48:21.967 appintentsmetadataprocessor[12653:187235] Starting appintentsmetadataprocessor export
2025-11-25 11:48:22.131 appintentsmetadataprocessor[12653:187235] Extracted no relevant App Intents symbols, skipping writing output

AppIntentsSSUTraining (in target 'CoreWidgets' from project 'selfManager')
    cd /Users/yack/Desktop/selfManager
    /Applications/Xcode.app/Contents/Developer/Toolchains/XcodeDefault.xctoolchain/usr/bin/appintentsnltrainingprocessor --infoplist-path /Users/yack/Desktop/selfManager/build/Debug-iphoneos/CoreWidgets.appex/Info.plist --temp-dir-path /Users/yack/Desktop/selfManager/build/selfManager.build/Debug-iphoneos/CoreWidgets.build/ssu --bundle-id zack.selfManager.CoreWidgets --product-path /Users/yack/Desktop/selfManager/build/Debug-iphoneos/CoreWidgets.appex --extracted-metadata-path /Users/yack/Desktop/selfManager/build/Debug-iphoneos/CoreWidgets.appex/Metadata.appintents --metadata-file-list /Users/yack/Desktop/selfManager/build/selfManager.build/Debug-iphoneos/CoreWidgets.build/CoreWidgets.DependencyMetadataFileList --archive-ssu-assets
2025-11-25 11:48:22.288 appintentsnltrainingprocessor[12659:187252] Parsing options for appintentsnltrainingprocessor
2025-11-25 11:48:22.290 appintentsnltrainingprocessor[12659:187252] No AppShortcuts found - Skipping.

CodeSign /Users/yack/Desktop/selfManager/build/Debug-iphoneos/CoreWidgets.appex (in target 'CoreWidgets' from project 'selfManager')
    cd /Users/yack/Desktop/selfManager
    
    Signing Identity:     "Apple Development: longtian zheng (V4BULR57RN)"
    Provisioning Profile: "iOS Team Provisioning Profile: zack.selfManager.CoreWidgets"
                          (73aa627e-58cc-4d76-8d1c-22c866b779e2)
    
    /usr/bin/codesign --force --sign F2EC2AF534E589711B4D7D72242712DFB4F07839 --entitlements /Users/yack/Desktop/selfManager/build/selfManager.build/Debug-iphoneos/CoreWidgets.build/CoreWidgets.appex.xcent --timestamp\=none --generate-entitlement-der /Users/yack/Desktop/selfManager/build/Debug-iphoneos/CoreWidgets.appex

RegisterExecutionPolicyException /Users/yack/Desktop/selfManager/build/Debug-iphoneos/CoreWidgets.appex (in target 'CoreWidgets' from project 'selfManager')
    cd /Users/yack/Desktop/selfManager
    builtin-RegisterExecutionPolicyException /Users/yack/Desktop/selfManager/build/Debug-iphoneos/CoreWidgets.appex

Touch /Users/yack/Desktop/selfManager/build/Debug-iphoneos/CoreWidgets.appex (in target 'CoreWidgets' from project 'selfManager')
    cd /Users/yack/Desktop/selfManager
    /usr/bin/touch -c /Users/yack/Desktop/selfManager/build/Debug-iphoneos/CoreWidgets.appex

** BUILD SUCCEEDED **

